# Raw cURL Evidence
# Run ID: CEOSPRINT-20260113-EXEC-ZT3G-FIX-035
# Generated: 2026-01-17T21:36:00.000Z

=== A1 Health ===
$ curl -sS "https://scholar-auth-jamarrlmayes.replit.app/health?t=1768685763916" \
  -H "Cache-Control: no-cache" \
  -H "X-Trace-Id: CEOSPRINT-20260113-EXEC-ZT3G-FIX-035.A1"

{"status":"ok","system_identity":"scholar_auth","base_url":"https://scholar-auth-jamarrlmayes.replit.app","version":"1.0.0","git_sha":"unknown","build_id":"1.0.0-unknown","uptime_s":40623,"timestamp":"2026-01-17T21:36:04.060Z","response_time_ms":0,"cached":true,"cache_age_ms":6615,"dependencies":{"auth_db":{"status":"slow","responseTime":141,"circuitBreaker":{"state":"CLOSED","failures":0,"lastFailureTime":null,"isHealthy":true}},"email_service":{"status":"healthy","provider":"postmark","configured":true},"jwks_signer":{"status":"healthy","cache_initialized":true,"etag":"\"jwks-f8ea99621ce480e1\""},"oauth_provider":{"status":"healthy","provider":"replit-oidc"},"clerk":{"status":"healthy","provider":"clerk","configured":true,"hasPublishableKey":true,"hasSecretKey":true}}}

HTTP_CODE: 200
TIME: 0.153s

=== A3 Health ===
$ curl -sS "https://scholarship-agent-jamarrlmayes.replit.app/health?t=1768685764094" \
  -H "Cache-Control: no-cache" \
  -H "X-Trace-Id: CEOSPRINT-20260113-EXEC-ZT3G-FIX-035.A3"

{"status":"healthy","timestamp":"2026-01-17T21:36:04.226Z","version":"1.0.0","environment":"production","uptime":61598.449059191,"checks":{"application":{"status":"healthy","message":"Application is running","lastChecked":"2026-01-17T21:36:04.226Z"}}}

HTTP_CODE: 200
TIME: 0.160s

=== A5 Health ===
$ curl -sS "https://student-pilot-jamarrlmayes.replit.app/api/health?t=1768685764279" \
  -H "Cache-Control: no-cache" \
  -H "X-Trace-Id: CEOSPRINT-20260113-EXEC-ZT3G-FIX-035.A5"

{"status":"ok","app":"student_pilot","baseUrl":"https://student-pilot-jamarrlmayes.replit.app","timestamp":"2026-01-17T21:36:04.429Z","service":"scholarlink-api","checks":{"database":"healthy","cache":"healthy","stripe":"live_mode"}}

HTTP_CODE: 200
TIME: 0.172s

=== A5 Pricing (Stripe markers) ===
$ curl -sS "https://student-pilot-jamarrlmayes.replit.app/pricing?t=1768685770000" \
  -H "Cache-Control: no-cache" \
  -H "X-Trace-Id: CEOSPRINT-20260113-EXEC-ZT3G-FIX-035.a5-pricing" \
  | grep -oE "(js\.stripe\.com|pk_live_|pk_test_)"

js.stripe.com

HTTP_CODE: 200

=== A6 Health ===
$ curl -sS "https://provider-register-jamarrlmayes.replit.app/health?t=1768685764463" \
  -H "Cache-Control: no-cache" \
  -H "X-Trace-Id: CEOSPRINT-20260113-EXEC-ZT3G-FIX-035.A6"

{"status":"ok","app":"provider_register","checks":{"db":"healthy","db_latency_ms":27,"cache":"healthy","stripe_connect":"healthy","telemetry_outbound":"soft-fail-allowed"},"p95_ms":27,"version":"1.0.0","commit":"unknown","timestamp":"2026-01-17T21:36:04.587Z"}

HTTP_CODE: 200
TIME: 0.154s

=== A6 Providers Endpoint (BLOCKER) ===
$ curl -sS "https://provider-register-jamarrlmayes.replit.app/api/providers?t=1768685772000" \
  -H "Cache-Control: no-cache" \
  -H "X-Trace-Id: CEOSPRINT-20260113-EXEC-ZT3G-FIX-035.a6-providers"

{"error":{"code":"NOT_FOUND","message":"Endpoint not found","request_id":"41aeee05-b01c-41fc-a1e5-35cc05a0b4a2"}}

HTTP_CODE: 404 (BLOCKER)

=== A7 Health ===
$ curl -sS "https://auto-page-maker-jamarrlmayes.replit.app/health?t=1768685764633" \
  -H "Cache-Control: no-cache" \
  -H "X-Trace-Id: CEOSPRINT-20260113-EXEC-ZT3G-FIX-035.A7"

{"status":"healthy","timestamp":"2026-01-17T21:36:04.808Z","version":"v2.9","app":"auto_page_maker","uptime_s":50877,"dependencies":[{"name":"database","status":"healthy","latency_ms":23,"details":{"type":"postgresql","provider":"neon"}},{"name":"email_provider","status":"healthy","latency_ms":801,"details":{"provider":"sendgrid","http_status":200},"cached":true,"cached_at":"2026-01-17T21:35:39.810Z"},{"name":"jwks","status":"healthy","latency_ms":1,"details":{"algorithm":"RS256","kid":"scholar-auth-2025-01","use":"sig"}}],"summary":{"total":3,"healthy":3,"degraded":0,"unhealthy":0},"async_mode":true}

HTTP_CODE: 200
TIME: 0.200s

=== A7 Sitemap ===
$ curl -sS "https://auto-page-maker-jamarrlmayes.replit.app/sitemap.xml?t=1768685775000" \
  -H "Cache-Control: no-cache" \
  -H "X-Trace-Id: CEOSPRINT-20260113-EXEC-ZT3G-FIX-035.a7-sitemap" \
  | head -6

<?xml version="1.0" encoding="UTF-8"?>
<urlset xmlns="http://www.sitemaps.org/schemas/sitemap/0.9">

  <url>
    <loc>https://scholaraiadvisor.com</loc>
    <lastmod>2026-01-17</lastmod>

HTTP_CODE: 200

=== A8 Health ===
$ curl -sS "https://auto-com-center-jamarrlmayes.replit.app/api/health?t=1768685764851" \
  -H "Cache-Control: no-cache" \
  -H "X-Trace-Id: CEOSPRINT-20260113-EXEC-ZT3G-FIX-035.A8"

{"service":"ScholarshipAI Command Center","env":"production","version":"8a9563bb-3cdc-4ec5-b73d-1803fef7da89","status":"healthy","timestamp":"2026-01-17T21:36:05.230Z","db":{"status":"healthy","latency_ms":227},"uptimeSeconds":65921,"responseTime_ms":227}

HTTP_CODE: 200
TIME: 0.399s

=== A8 Telemetry POST ===
$ curl -sS -X POST "https://auto-com-center-jamarrlmayes.replit.app/api/events?t=1768685782961" \
  -H "Content-Type: application/json" \
  -H "Cache-Control: no-cache" \
  -H "X-Trace-Id: CEOSPRINT-20260113-EXEC-ZT3G-FIX-035.a8-telemetry" \
  -H "X-Idempotency-Key: <UUID>" \
  -d '{"eventName":"zt3g_fix_035_verify","appName":"student_pilot","appId":"A5","timestamp":"2026-01-17T21:36:22.000Z","payload":{"run_id":"CEOSPRINT-20260113-EXEC-ZT3G-FIX-035","phase":"functional_deep_dive"}}'

{"accepted":true,"event_id":"evt_1768685782961_blo7a7ly8","app_id":"unknown","app_name":"unknown","event_type":"unknown","internal_type":"SYSTEM_HEALTH","persisted":true,"forwarded_to_a2":false,"timestamp":"2026-01-17T21:36:22.961Z"}

HTTP_CODE: 200

=== A5 Security Headers ===
$ curl -sS -I "https://student-pilot-jamarrlmayes.replit.app/api/health?t=1768685790000" \
  -H "Cache-Control: no-cache" \
  -H "X-Trace-Id: CEOSPRINT-20260113-EXEC-ZT3G-FIX-035.a5-headers" \
  | grep -iE "^(strict-transport|content-security|x-frame|x-content-type)"

content-security-policy: default-src 'self';base-uri 'none';object-src 'none';frame-ancestors 'none';img-src 'self' data:;script-src 'self' https://js.stripe.com;style-src 'self';font-src 'self' data:;connect-src 'self' https://scholarship-api-jamarrlmayes.replit.app https://auto-com-center-jamarrlmayes.replit.app https://auto-page-maker-jamarrlmayes.replit.app https://api.stripe.com;frame-src https://js.stripe.com https://hooks.stripe.com;form-action 'self' https://hooks.stripe.com
strict-transport-security: max-age=63072000; includeSubDomains
strict-transport-security: max-age=31536000; includeSubDomains; preload
x-content-type-options: nosniff
x-frame-options: DENY

HTTP_CODE: 200

=== Performance Samples ===
/api/health: 255ms, 161ms, 132ms, 156ms, 150ms, 120ms, 132ms, 166ms, 161ms, 115ms
/ (home): 156ms, 189ms, 153ms, 139ms, 128ms
/pricing: 195ms, 126ms, 129ms, 116ms, 121ms

P95 (combined): ~200ms
Success Rate: 100%
